0000012
0000012
0000012
0000012
0000012
0000012
0000012
tdoc
am
tdoc
rm
tdoc
aa
tdoc
lm
tdoc
uma
fuentes,
carlos,
1928
abreu,
maria
carmo
ficcao
universal
ficcao
universal
ficcao
universal
ficcao
universal
ficcao
universal
ficcao
universal
ficcao
universal
ficcao
universal
ficcao
universal
ficcao
universal
ficcao
universal
ficcao
universal
ficcao
universal
ficcao
universal
ficcao
universal
fora
coleccao
aelua
aelua
aelua
aelua
aelua
aelua
aelua
aelua
aelua
aelua
aelua
aelua
aelua
aelua
aelua
aelua
aelua
aelua
aelua
aelua
aelua
aelua
aelua
aelua
aelua
aelua
aelua
ebsol1
aelua
aelua
ebsol1
biologia
celular
molecular
ebsol2
aesol
pupilas
pupilas
allison,
maria
teresa,
1949
0000022
eblua1
eblua1
eblua1
eblua1
ficcao
universal
letras
mundo
literatura
mexicanaromance
meneres,
maria
alberta,
1930
meneres,
maria
alberta,
1930
ficcao
universal
bem
crescer
ficcao
universal
ficcao
universal
ficcao
universal
ficcao
universal
letras
mundo
letras
mundo
letras
mundo
aesol
aesol
aesol
aesol
aesol
aesol
0000022
aesol
0000022
0000012
ebsol1
ebsol1
0000002
0000012
0000012
eblua1
bem
crescer,
bem
viver
0000012
0000012
0000022
eblua2
eblua2
eblua2
eblua2
eblua2
eblua2
eblua2
eblua2
0000012
0000012
0000003
0000012
aelua
ana
maria
magalhaes,
isabel
0000022
0000022
0000022
0000022
0000022
0000022
